// Jest Snapshot v1, https://goo.gl/fbAQLP

exports[`<MarkdownList /> renders defaults correctly 1`] = `
<div
  className="sc-bdfBwQ eHfeFP"
/>
`;
