// Jest Snapshot v1, https://goo.gl/fbAQLP

exports[`<Author /> renders defaults correctly 1`] = `
<div
  className="sc-bdvvaa eBkGqk"
>
  By 
  Jeri Mobley-Arias
</div>
`;
