// Jest Snapshot v1, https://goo.gl/fbAQLP

exports[`<Button /> renders defaults correctly 1`] = `
<button
  className="sc-bdfBwQ iETXlT"
/>
`;
