// Jest Snapshot v1, https://goo.gl/fbAQLP

exports[`<Container /> renders defaults correctly 1`] = `
<div
  className="sc-bdfBwQ dvTjfg"
>
  <div
    style={
      Object {
        "height": "960px",
        "width": "960px",
      }
    }
  />
</div>
`;
