// Jest Snapshot v1, https://goo.gl/fbAQLP

exports[`<Grid /> renders defaults correctly 1`] = `
<section
  className="sc-bdfBwQ jhIIfw"
>
  <div
    className="sc-gsTCUz fSGNbk"
    width={1}
  >
    1/1
  </div>
</section>
`;
