// Jest Snapshot v1, https://goo.gl/fbAQLP

exports[`<ImgWrapper /> renders defaults correctly 1`] = `
<div
  className="sc-bdvvaa enfmFD"
>
  <img
    alt="image"
    src=""
  />
</div>
`;
