// Jest Snapshot v1, https://goo.gl/fbAQLP

exports[`<CalloutLink /> renders defaults correctly 1`] = `
<button
  className="sc-fodVxV fHlIxV"
>
  <span
    className="sc-fFubgz kXjXDv"
  >
    Callout Link
  </span>
  <svg
    className="sc-kEjbxe dCbICm"
    fill="#A2421B"
    fontSize="10px"
    height="1em"
    preserveAspectRatio="xMidYMid meet"
    style={
      Object {
        "marginTop": "1px",
      }
    }
    viewBox="0 0 9.9 16.97"
    width="1em"
    xmlns="http://www.w3.org/2000/svg"
  >
    <path
      d="M1.41 0L0 1.41l7.07 7.07L0 15.56l1.41 1.41L8.48 9.9 9.9 8.48 1.41 0z"
      fillRule="evenodd"
    />
  </svg>
</button>
`;
