// Jest Snapshot v1, https://goo.gl/fbAQLP

exports[`<Stack /> renders defaults correctly 1`] = `
<ul
  className="sc-bdfBwQ dcTsLa"
/>
`;
