// Jest Snapshot v1, https://goo.gl/fbAQLP

exports[`<Divider /> renders defaults correctly 1`] = `
<hr
  className="sc-bdfBwQ fKxmoW"
/>
`;
