// Jest Snapshot v1, https://goo.gl/fbAQLP

exports[`<PostTitle /> renders defaults correctly 1`] = `
<h2
  className="sc-bdfBwQ kZLn"
>
  Filipino Pork Adobo
</h2>
`;
