// Jest Snapshot v1, https://goo.gl/fbAQLP

exports[`<Paragraph /> renders defaults correctly 1`] = `
<p
  className="sc-bdfBwQ ksIpcb"
>
  Paragraph
</p>
`;
