// Jest Snapshot v1, https://goo.gl/fbAQLP

exports[`<Eyebrow /> renders defaults correctly 1`] = `
<h6
  className="sc-bdvvaa iEJthv"
/>
`;
