// Jest Snapshot v1, https://goo.gl/fbAQLP

exports[`<PostDate /> renders defaults correctly 1`] = `
<time
  className="sc-bdfBwQ bAikyV"
  dateTime="2021-01-20T00:00-08:00"
>
  Jan 20
</time>
`;
