// Jest Snapshot v1, https://goo.gl/fbAQLP

exports[`<Box /> renders defaults correctly 1`] = `
<div
  className="sc-bdfBwQ bgyXBT"
/>
`;
