// Jest Snapshot v1, https://goo.gl/fbAQLP

exports[`<Avatar /> renders defaults correctly 1`] = `
<img
  className="sc-bdvvaa dOfXvM"
/>
`;
