// Jest Snapshot v1, https://goo.gl/fbAQLP

exports[`<Scroller /> renders defaults correctly 1`] = `
<section
  className="sc-bdvvaa kJNsBr"
>
  <div
    className="sc-gsDJrp eFrGjF"
  >
    <img
      alt="image"
      src="some-img.jpg"
    />
  </div>
</section>
`;
