// Jest Snapshot v1, https://goo.gl/fbAQLP

exports[`<TextField /> renders defaults correctly 1`] = `
<input
  className="sc-bdfBwQ eFcVqt"
  placeholder="email"
/>
`;
